// Jest Snapshot v1, https://goo.gl/fbAQLP

exports[`components [Nav] Renders 1`] = `
<nav
  className="nav"
>
  <div
    className="container"
  >
    <ul
      className="nav-list flex"
    >
      <li
        className="nav-item"
      >
        <a
          href="/"
          onClick={[Function]}
        >
          <i
            className="fi fi-rs-home nav-icon"
          />
          <span>
             Home
          </span>
        </a>
      </li>
      <li
        className="nav-item"
      >
        <a
          href="/category/bike"
          onClick={[Function]}
        >
          <i
            className="fi fi-rs-bike nav-icon"
          />
          <span>
             
            bike
          </span>
        </a>
      </li>
      <li
        className="nav-item"
      >
        <a
          href="/category/hiking"
          onClick={[Function]}
        >
          <i
            className="fi fi-rs-hiking nav-icon"
          />
          <span>
             
            hiking
          </span>
        </a>
      </li>
      <li
        className="nav-item"
      >
        <a
          href="/category/skating"
          onClick={[Function]}
        >
          <i
            className="fi fi-rs-skating nav-icon"
          />
          <span>
             
            skating
          </span>
        </a>
      </li>
    </ul>
  </div>
</nav>
`;
